---
source: betree/tests/src/lib.rs
expression: "json!({\n        \"shape/data\" :\n        self.object_store.data_tree().tree_dump().expect(\"Failed to create data tree dump\"),\n        \"keys/data\" : self.object_store.data_tree().range :: < _, & [u8] >\n        (..).expect(\"Failed to query data keys\").map(| res |\n        res.map(| (k, _v) | k)).collect :: < Result < Vec < _ >, _ >>\n        ().expect(\"Failed to gather data keys\"), \"keys/meta\" :\n        self.object_store.meta_tree().range :: < _, & [u8] >\n        (..).expect(\"Failed to query meta keys\").map(| res |\n        res.map(| (k, _v) | k)).collect :: < Result < Vec < _ >, _ >>\n        ().expect(\"Failed to gather meta keys\")\n    })"
---
{
  "keys/data": [
    [
      0,
      111,
      105,
      100
    ]
  ],
  "keys/meta": [],
  "shape/data": {
    "children": [
      {
        "child": {
          "entry_count": 24,
          "range": [
            "0000 0000 0000 0000 0000 0000",
            "0000 0000 0000 0000 0000 0017"
          ],
          "type": "packed"
        },
        "from": null,
        "pivot_key": {
          "LeftOuter": [
            [
              0,
              0,
              0,
              0,
              0,
              0,
              0,
              0,
              0,
              0,
              0,
              23
            ],
            1
          ]
        },
        "storage": 0,
        "to": "0000 0000 0000 0000 0000 0017"
      },
      {
        "child": {
          "entry_count": 24,
          "range": [
            "0000 0000 0000 0000 0000 0018",
            "0000 0000 0000 0000 0000 002F"
          ],
          "type": "packed"
        },
        "from": "0000 0000 0000 0000 0000 0017",
        "pivot_key": {
          "Right": [
            [
              0,
              0,
              0,
              0,
              0,
              0,
              0,
              0,
              0,
              0,
              0,
              23
            ],
            1
          ]
        },
        "storage": 0,
        "to": "0000 0000 0000 0000 0000 002F"
      },
      {
        "child": {
          "entry_count": 24,
          "range": [
            "0000 0000 0000 0000 0000 0030",
            "0000 0000 0000 0000 0000 0047"
          ],
          "type": "packed"
        },
        "from": "0000 0000 0000 0000 0000 002F",
        "pivot_key": {
          "Right": [
            [
              0,
              0,
              0,
              0,
              0,
              0,
              0,
              0,
              0,
              0,
              0,
              47
            ],
            1
          ]
        },
        "storage": 0,
        "to": "0000 0000 0000 0000 0000 0047"
      },
      {
        "child": {
          "entry_count": 24,
          "range": [
            "0000 0000 0000 0000 0000 0048",
            "0000 0000 0000 0000 0000 005F"
          ],
          "type": "packed"
        },
        "from": "0000 0000 0000 0000 0000 0047",
        "pivot_key": {
          "Right": [
            [
              0,
              0,
              0,
              0,
              0,
              0,
              0,
              0,
              0,
              0,
              0,
              71
            ],
            1
          ]
        },
        "storage": 0,
        "to": "0000 0000 0000 0000 0000 005F"
      },
      {
        "child": {
          "entry_count": 24,
          "range": [
            "0000 0000 0000 0000 0000 0060",
            "0000 0000 0000 0000 0000 0077"
          ],
          "type": "packed"
        },
        "from": "0000 0000 0000 0000 0000 005F",
        "pivot_key": {
          "Right": [
            [
              0,
              0,
              0,
              0,
              0,
              0,
              0,
              0,
              0,
              0,
              0,
              95
            ],
            1
          ]
        },
        "storage": 0,
        "to": "0000 0000 0000 0000 0000 0077"
      },
      {
        "child": {
          "entry_count": 24,
          "range": [
            "0000 0000 0000 0000 0000 0078",
            "0000 0000 0000 0000 0000 008F"
          ],
          "type": "packed"
        },
        "from": "0000 0000 0000 0000 0000 0077",
        "pivot_key": {
          "Right": [
            [
              0,
              0,
              0,
              0,
              0,
              0,
              0,
              0,
              0,
              0,
              0,
              119
            ],
            1
          ]
        },
        "storage": 0,
        "to": "0000 0000 0000 0000 0000 008F"
      },
      {
        "child": {
          "entry_count": 24,
          "range": [
            "0000 0000 0000 0000 0000 0090",
            "0000 0000 0000 0000 0000 00A7"
          ],
          "type": "packed"
        },
        "from": "0000 0000 0000 0000 0000 008F",
        "pivot_key": {
          "Right": [
            [
              0,
              0,
              0,
              0,
              0,
              0,
              0,
              0,
              0,
              0,
              0,
              143
            ],
            1
          ]
        },
        "storage": 0,
        "to": "0000 0000 0000 0000 0000 00A7"
      },
      {
        "child": {
          "entry_count": 24,
          "range": [
            "0000 0000 0000 0000 0000 00A8",
            "0000 0000 0000 0000 0000 00BF"
          ],
          "type": "packed"
        },
        "from": "0000 0000 0000 0000 0000 00A7",
        "pivot_key": {
          "Right": [
            [
              0,
              0,
              0,
              0,
              0,
              0,
              0,
              0,
              0,
              0,
              0,
              167
            ],
            1
          ]
        },
        "storage": 0,
        "to": "0000 0000 0000 0000 0000 00BF"
      },
      {
        "child": {
          "entry_count": 24,
          "range": [
            "0000 0000 0000 0000 0000 00C0",
            "0000 0000 0000 0000 0000 00D7"
          ],
          "type": "packed"
        },
        "from": "0000 0000 0000 0000 0000 00BF",
        "pivot_key": {
          "Right": [
            [
              0,
              0,
              0,
              0,
              0,
              0,
              0,
              0,
              0,
              0,
              0,
              191
            ],
            1
          ]
        },
        "storage": 0,
        "to": "0000 0000 0000 0000 0000 00D7"
      },
      {
        "child": {
          "entry_count": 24,
          "range": [
            "0000 0000 0000 0000 0000 00D8",
            "0000 0000 0000 0000 0000 00EF"
          ],
          "type": "packed"
        },
        "from": "0000 0000 0000 0000 0000 00D7",
        "pivot_key": {
          "Right": [
            [
              0,
              0,
              0,
              0,
              0,
              0,
              0,
              0,
              0,
              0,
              0,
              215
            ],
            1
          ]
        },
        "storage": 0,
        "to": "0000 0000 0000 0000 0000 00EF"
      },
      {
        "child": {
          "entry_count": 24,
          "range": [
            "0000 0000 0000 0000 0000 00F0",
            "0000 0000 0000 0000 0000 0107"
          ],
          "type": "packed"
        },
        "from": "0000 0000 0000 0000 0000 00EF",
        "pivot_key": {
          "Right": [
            [
              0,
              0,
              0,
              0,
              0,
              0,
              0,
              0,
              0,
              0,
              0,
              239
            ],
            1
          ]
        },
        "storage": 0,
        "to": "0000 0000 0000 0000 0000 0107"
      },
      {
        "child": {
          "entry_count": 24,
          "range": [
            "0000 0000 0000 0000 0000 0108",
            "0000 0000 0000 0000 0000 011F"
          ],
          "type": "packed"
        },
        "from": "0000 0000 0000 0000 0000 0107",
        "pivot_key": {
          "Right": [
            [
              0,
              0,
              0,
              0,
              0,
              0,
              0,
              0,
              0,
              0,
              1,
              7
            ],
            1
          ]
        },
        "storage": 0,
        "to": "0000 0000 0000 0000 0000 011F"
      },
      {
        "child": {
          "entry_count": 24,
          "range": [
            "0000 0000 0000 0000 0000 0120",
            "0000 0000 0000 0000 0000 0137"
          ],
          "type": "packed"
        },
        "from": "0000 0000 0000 0000 0000 011F",
        "pivot_key": {
          "Right": [
            [
              0,
              0,
              0,
              0,
              0,
              0,
              0,
              0,
              0,
              0,
              1,
              31
            ],
            1
          ]
        },
        "storage": 0,
        "to": "0000 0000 0000 0000 0000 0137"
      },
      {
        "child": {
          "entry_count": 24,
          "range": [
            "0000 0000 0000 0000 0000 0138",
            "0000 0000 0000 0000 0000 014F"
          ],
          "type": "packed"
        },
        "from": "0000 0000 0000 0000 0000 0137",
        "pivot_key": {
          "Right": [
            [
              0,
              0,
              0,
              0,
              0,
              0,
              0,
              0,
              0,
              0,
              1,
              55
            ],
            1
          ]
        },
        "storage": 0,
        "to": "0000 0000 0000 0000 0000 014F"
      },
      {
        "child": {
          "entry_count": 24,
          "range": [
            "0000 0000 0000 0000 0000 0150",
            "0000 0000 0000 0000 0000 0167"
          ],
          "type": "packed"
        },
        "from": "0000 0000 0000 0000 0000 014F",
        "pivot_key": {
          "Right": [
            [
              0,
              0,
              0,
              0,
              0,
              0,
              0,
              0,
              0,
              0,
              1,
              79
            ],
            1
          ]
        },
        "storage": 0,
        "to": "0000 0000 0000 0000 0000 0167"
      },
      {
        "child": {
          "entry_count": 24,
          "range": [
            "0000 0000 0000 0000 0000 0168",
            "0000 0000 0000 0000 0000 017F"
          ],
          "type": "packed"
        },
        "from": "0000 0000 0000 0000 0000 0167",
        "pivot_key": {
          "Right": [
            [
              0,
              0,
              0,
              0,
              0,
              0,
              0,
              0,
              0,
              0,
              1,
              103
            ],
            1
          ]
        },
        "storage": 0,
        "to": "0000 0000 0000 0000 0000 017F"
      },
      {
        "child": {
          "entry_count": 24,
          "range": [
            "0000 0000 0000 0000 0000 0180",
            "0000 0000 0000 0000 0000 0197"
          ],
          "type": "packed"
        },
        "from": "0000 0000 0000 0000 0000 017F",
        "pivot_key": {
          "Right": [
            [
              0,
              0,
              0,
              0,
              0,
              0,
              0,
              0,
              0,
              0,
              1,
              127
            ],
            1
          ]
        },
        "storage": 0,
        "to": "0000 0000 0000 0000 0000 0197"
      },
      {
        "child": {
          "entry_count": 24,
          "range": [
            "0000 0000 0000 0000 0000 0198",
            "0000 0000 0000 0000 0000 01AF"
          ],
          "type": "packed"
        },
        "from": "0000 0000 0000 0000 0000 0197",
        "pivot_key": {
          "Right": [
            [
              0,
              0,
              0,
              0,
              0,
              0,
              0,
              0,
              0,
              0,
              1,
              151
            ],
            1
          ]
        },
        "storage": 0,
        "to": "0000 0000 0000 0000 0000 01AF"
      },
      {
        "child": {
          "entry_count": 24,
          "range": [
            "0000 0000 0000 0000 0000 01B0",
            "0000 0000 0000 0000 0000 01C7"
          ],
          "type": "packed"
        },
        "from": "0000 0000 0000 0000 0000 01AF",
        "pivot_key": {
          "Right": [
            [
              0,
              0,
              0,
              0,
              0,
              0,
              0,
              0,
              0,
              0,
              1,
              175
            ],
            1
          ]
        },
        "storage": 0,
        "to": "0000 0000 0000 0000 0000 01C7"
      },
      {
        "child": {
          "entry_count": 24,
          "range": [
            "0000 0000 0000 0000 0000 01C8",
            "0000 0000 0000 0000 0000 01DF"
          ],
          "type": "packed"
        },
        "from": "0000 0000 0000 0000 0000 01C7",
        "pivot_key": {
          "Right": [
            [
              0,
              0,
              0,
              0,
              0,
              0,
              0,
              0,
              0,
              0,
              1,
              199
            ],
            1
          ]
        },
        "storage": 0,
        "to": "0000 0000 0000 0000 0000 01DF"
      },
      {
        "child": {
          "entry_count": 24,
          "range": [
            "0000 0000 0000 0000 0000 01E0",
            "0000 0000 0000 0000 0000 01F7"
          ],
          "type": "packed"
        },
        "from": "0000 0000 0000 0000 0000 01DF",
        "pivot_key": {
          "Right": [
            [
              0,
              0,
              0,
              0,
              0,
              0,
              0,
              0,
              0,
              0,
              1,
              223
            ],
            1
          ]
        },
        "storage": 0,
        "to": "0000 0000 0000 0000 0000 01F7"
      },
      {
        "child": {
          "entry_count": 24,
          "range": [
            "0000 0000 0000 0000 0000 01F8",
            "0000 0000 0000 0000 0000 020F"
          ],
          "type": "packed"
        },
        "from": "0000 0000 0000 0000 0000 01F7",
        "pivot_key": {
          "Right": [
            [
              0,
              0,
              0,
              0,
              0,
              0,
              0,
              0,
              0,
              0,
              1,
              247
            ],
            1
          ]
        },
        "storage": 0,
        "to": "0000 0000 0000 0000 0000 020F"
      },
      {
        "child": {
          "entry_count": 24,
          "range": [
            "0000 0000 0000 0000 0000 0210",
            "0000 0000 0000 0000 0000 0227"
          ],
          "type": "packed"
        },
        "from": "0000 0000 0000 0000 0000 020F",
        "pivot_key": {
          "Right": [
            [
              0,
              0,
              0,
              0,
              0,
              0,
              0,
              0,
              0,
              0,
              2,
              15
            ],
            1
          ]
        },
        "storage": 0,
        "to": "0000 0000 0000 0000 0000 0227"
      },
      {
        "child": {
          "entry_count": 24,
          "range": [
            "0000 0000 0000 0000 0000 0228",
            "0000 0000 0000 0000 0000 023F"
          ],
          "type": "packed"
        },
        "from": "0000 0000 0000 0000 0000 0227",
        "pivot_key": {
          "Right": [
            [
              0,
              0,
              0,
              0,
              0,
              0,
              0,
              0,
              0,
              0,
              2,
              39
            ],
            1
          ]
        },
        "storage": 0,
        "to": "0000 0000 0000 0000 0000 023F"
      },
      {
        "child": {
          "entry_count": 24,
          "range": [
            "0000 0000 0000 0000 0000 0240",
            "0000 0000 0000 0000 0000 0257"
          ],
          "type": "packed"
        },
        "from": "0000 0000 0000 0000 0000 023F",
        "pivot_key": {
          "Right": [
            [
              0,
              0,
              0,
              0,
              0,
              0,
              0,
              0,
              0,
              0,
              2,
              63
            ],
            1
          ]
        },
        "storage": 0,
        "to": "0000 0000 0000 0000 0000 0257"
      },
      {
        "child": {
          "entry_count": 24,
          "range": [
            "0000 0000 0000 0000 0000 0258",
            "0000 0000 0000 0000 0000 026F"
          ],
          "type": "packed"
        },
        "from": "0000 0000 0000 0000 0000 0257",
        "pivot_key": {
          "Right": [
            [
              0,
              0,
              0,
              0,
              0,
              0,
              0,
              0,
              0,
              0,
              2,
              87
            ],
            1
          ]
        },
        "storage": 0,
        "to": "0000 0000 0000 0000 0000 026F"
      },
      {
        "child": {
          "entry_count": 24,
          "range": [
            "0000 0000 0000 0000 0000 0270",
            "0000 0000 0000 0000 0000 0287"
          ],
          "type": "packed"
        },
        "from": "0000 0000 0000 0000 0000 026F",
        "pivot_key": {
          "Right": [
            [
              0,
              0,
              0,
              0,
              0,
              0,
              0,
              0,
              0,
              0,
              2,
              111
            ],
            1
          ]
        },
        "storage": 0,
        "to": "0000 0000 0000 0000 0000 0287"
      },
      {
        "child": {
          "entry_count": 24,
          "range": [
            "0000 0000 0000 0000 0000 0288",
            "0000 0000 0000 0000 0000 029F"
          ],
          "type": "packed"
        },
        "from": "0000 0000 0000 0000 0000 0287",
        "pivot_key": {
          "Right": [
            [
              0,
              0,
              0,
              0,
              0,
              0,
              0,
              0,
              0,
              0,
              2,
              135
            ],
            1
          ]
        },
        "storage": 0,
        "to": "0000 0000 0000 0000 0000 029F"
      },
      {
        "child": {
          "entry_count": 24,
          "range": [
            "0000 0000 0000 0000 0000 02A0",
            "0000 0000 0000 0000 0000 02B7"
          ],
          "type": "packed"
        },
        "from": "0000 0000 0000 0000 0000 029F",
        "pivot_key": {
          "Right": [
            [
              0,
              0,
              0,
              0,
              0,
              0,
              0,
              0,
              0,
              0,
              2,
              159
            ],
            1
          ]
        },
        "storage": 0,
        "to": "0000 0000 0000 0000 0000 02B7"
      },
      {
        "child": {
          "entry_count": 24,
          "range": [
            "0000 0000 0000 0000 0000 02B8",
            "0000 0000 0000 0000 0000 02CF"
          ],
          "type": "packed"
        },
        "from": "0000 0000 0000 0000 0000 02B7",
        "pivot_key": {
          "Right": [
            [
              0,
              0,
              0,
              0,
              0,
              0,
              0,
              0,
              0,
              0,
              2,
              183
            ],
            1
          ]
        },
        "storage": 0,
        "to": "0000 0000 0000 0000 0000 02CF"
      },
      {
        "child": {
          "entry_count": 24,
          "range": [
            "0000 0000 0000 0000 0000 02D0",
            "0000 0000 0000 0000 0000 02E7"
          ],
          "type": "packed"
        },
        "from": "0000 0000 0000 0000 0000 02CF",
        "pivot_key": {
          "Right": [
            [
              0,
              0,
              0,
              0,
              0,
              0,
              0,
              0,
              0,
              0,
              2,
              207
            ],
            1
          ]
        },
        "storage": 0,
        "to": "0000 0000 0000 0000 0000 02E7"
      },
      {
        "child": {
          "entry_count": 24,
          "range": [
            "0000 0000 0000 0000 0000 02E8",
            "0000 0000 0000 0000 0000 02FF"
          ],
          "type": "packed"
        },
        "from": "0000 0000 0000 0000 0000 02E7",
        "pivot_key": {
          "Right": [
            [
              0,
              0,
              0,
              0,
              0,
              0,
              0,
              0,
              0,
              0,
              2,
              231
            ],
            1
          ]
        },
        "storage": 0,
        "to": "0000 0000 0000 0000 0000 02FF"
      },
      {
        "child": {
          "entry_count": 24,
          "range": [
            "0000 0000 0000 0000 0000 0300",
            "0000 0000 0000 0000 0000 0317"
          ],
          "type": "packed"
        },
        "from": "0000 0000 0000 0000 0000 02FF",
        "pivot_key": {
          "Right": [
            [
              0,
              0,
              0,
              0,
              0,
              0,
              0,
              0,
              0,
              0,
              2,
              255
            ],
            1
          ]
        },
        "storage": 0,
        "to": "0000 0000 0000 0000 0000 0317"
      },
      {
        "child": {
          "entry_count": 24,
          "range": [
            "0000 0000 0000 0000 0000 0318",
            "0000 0000 0000 0000 0000 032F"
          ],
          "type": "packed"
        },
        "from": "0000 0000 0000 0000 0000 0317",
        "pivot_key": {
          "Right": [
            [
              0,
              0,
              0,
              0,
              0,
              0,
              0,
              0,
              0,
              0,
              3,
              23
            ],
            1
          ]
        },
        "storage": 0,
        "to": "0000 0000 0000 0000 0000 032F"
      },
      {
        "child": {
          "entry_count": 24,
          "range": [
            "0000 0000 0000 0000 0000 0330",
            "0000 0000 0000 0000 0000 0347"
          ],
          "type": "packed"
        },
        "from": "0000 0000 0000 0000 0000 032F",
        "pivot_key": {
          "Right": [
            [
              0,
              0,
              0,
              0,
              0,
              0,
              0,
              0,
              0,
              0,
              3,
              47
            ],
            1
          ]
        },
        "storage": 0,
        "to": "0000 0000 0000 0000 0000 0347"
      },
      {
        "child": {
          "entry_count": 24,
          "range": [
            "0000 0000 0000 0000 0000 0348",
            "0000 0000 0000 0000 0000 035F"
          ],
          "type": "packed"
        },
        "from": "0000 0000 0000 0000 0000 0347",
        "pivot_key": {
          "Right": [
            [
              0,
              0,
              0,
              0,
              0,
              0,
              0,
              0,
              0,
              0,
              3,
              71
            ],
            1
          ]
        },
        "storage": 0,
        "to": "0000 0000 0000 0000 0000 035F"
      },
      {
        "child": {
          "entry_count": 24,
          "range": [
            "0000 0000 0000 0000 0000 0360",
            "0000 0000 0000 0000 0000 0377"
          ],
          "type": "packed"
        },
        "from": "0000 0000 0000 0000 0000 035F",
        "pivot_key": {
          "Right": [
            [
              0,
              0,
              0,
              0,
              0,
              0,
              0,
              0,
              0,
              0,
              3,
              95
            ],
            1
          ]
        },
        "storage": 0,
        "to": "0000 0000 0000 0000 0000 0377"
      },
      {
        "child": {
          "entry_count": 24,
          "range": [
            "0000 0000 0000 0000 0000 0378",
            "0000 0000 0000 0000 0000 038F"
          ],
          "type": "packed"
        },
        "from": "0000 0000 0000 0000 0000 0377",
        "pivot_key": {
          "Right": [
            [
              0,
              0,
              0,
              0,
              0,
              0,
              0,
              0,
              0,
              0,
              3,
              119
            ],
            1
          ]
        },
        "storage": 0,
        "to": "0000 0000 0000 0000 0000 038F"
      },
      {
        "child": {
          "entry_count": 24,
          "range": [
            "0000 0000 0000 0000 0000 0390",
            "0000 0000 0000 0000 0000 03A7"
          ],
          "type": "packed"
        },
        "from": "0000 0000 0000 0000 0000 038F",
        "pivot_key": {
          "Right": [
            [
              0,
              0,
              0,
              0,
              0,
              0,
              0,
              0,
              0,
              0,
              3,
              143
            ],
            1
          ]
        },
        "storage": 0,
        "to": "0000 0000 0000 0000 0000 03A7"
      },
      {
        "child": {
          "entry_count": 24,
          "range": [
            "0000 0000 0000 0000 0000 03A8",
            "0000 0000 0000 0000 0000 03BF"
          ],
          "type": "packed"
        },
        "from": "0000 0000 0000 0000 0000 03A7",
        "pivot_key": {
          "Right": [
            [
              0,
              0,
              0,
              0,
              0,
              0,
              0,
              0,
              0,
              0,
              3,
              167
            ],
            1
          ]
        },
        "storage": 0,
        "to": "0000 0000 0000 0000 0000 03BF"
      },
      {
        "child": {
          "entry_count": 24,
          "range": [
            "0000 0000 0000 0000 0000 03C0",
            "0000 0000 0000 0000 0000 03D7"
          ],
          "type": "packed"
        },
        "from": "0000 0000 0000 0000 0000 03BF",
        "pivot_key": {
          "Right": [
            [
              0,
              0,
              0,
              0,
              0,
              0,
              0,
              0,
              0,
              0,
              3,
              191
            ],
            1
          ]
        },
        "storage": 0,
        "to": "0000 0000 0000 0000 0000 03D7"
      },
      {
        "child": {
          "entry_count": 17,
          "range": [
            "0000 0000 0000 0000 0000 03D8",
            "006F 6964"
          ],
          "type": "packed"
        },
        "from": "0000 0000 0000 0000 0000 03D7",
        "pivot_key": {
          "Right": [
            [
              0,
              0,
              0,
              0,
              0,
              0,
              0,
              0,
              0,
              0,
              3,
              215
            ],
            1
          ]
        },
        "storage": 0,
        "to": null
      }
    ],
    "level": 1,
    "storage": 0,
    "system_storage": 254,
    "type": "internal"
  }
}
